lahaina612:/ # dmesg | grep -E "dwc3|gadget|speed|SuperSpeed|HighSpeed" | tail -20
[  971.873015] dwc3 a600000.dwc3: request 0000000000000000 was not queued to ep0out
[  971.889216] dwc3 a600000.dwc3: request 0000000000000000 was not queued to ep0out
[  972.456630] msm-dwc3 a600000.ssusb: DWC3 exited from low power mode
[  972.494643] dwc3 a600000.dwc3: Set IRQ thread:irq/139-dwc3 pid:8605 to SCHED_NORMAL (no UVC)1|lahaina612:/ # dumpsys media.camera 2>/dev/null | grep -i "fps"
      android.control.aeAvailableTargetFpsRanges (10014): int32[16]
        [65540 (aeRegions) 65541 (aeTargetFpsRange) 65542 (aePrecaptureTrigger) 65543 (afMode) ]
        [-2141519872 (availableStreamMap) -2141519867 (numPCRsBeforeStreamOn) -2141519863 (HDRVideoMode) -2141519862 (dynamicFPSConfig) ]
        [4 (availableAberrationModes) 65554 (aeAvailableAntibandingModes) 65555 (aeAvailableModes) 65556 (aeAvailableTargetFpsRanges) ]
        [65541 (aeTargetFpsRange) -2141519870 (enableMFNR) -2141519871 (overrideResourceCostValidation) -2141519872 (availableStreamMap) ]
        [-2141519867 (numPCRsBeforeStreamOn) -2141519863 (HDRVideoMode) -2141519862 (dynamicFPSConfig) -2141519861 (RawCbSourceType) ]
      org.quic.camera.BurstFPS.isBurstShotSupported (80470001): byte[1]
      org.quic.camera.BurstFPS.MaxBurstShotFPS (80470002): float[1]
      org.quic.camera2.customhfrfps.info.CustomHFRFpsTable (80390000): int32[84]
      org.quic.camera2.streamBasedFPS.info.StreamBasedFPSTable (803a0000): int32[224]
      org.quic.camera.swcapabilities.SWMCTFEnablefor60fps (806d0004): byte[1]
      android.control.aeAvailableTargetFpsRanges (10014): int32[8]
        [65539 (aeMode) 65540 (aeRegions) 65541 (aeTargetFpsRange) 65542 (aePrecaptureTrigger) ]
        [-2141519862 (dynamicFPSConfig) -2141519861 (RawCbSourceType) -2141519858 (enableQLL) -2141519860 (ExtendedMaxZoom) ]
        [4 (availableAberrationModes) 65554 (aeAvailableAntibandingModes) 65555 (aeAvailableModes) 65556 (aeAvailableTargetFpsRanges) ]
        [65541 (aeTargetFpsRange) -2141519870 (enableMFNR) -2141519871 (overrideResourceCostValidation) -2141519872 (availableStreamMap) ]
        [-2141519867 (numPCRsBeforeStreamOn) -2141519863 (HDRVideoMode) -2141519862 (dynamicFPSConfig) -2141519861 (RawCbSourceType) ]
      org.quic.camera.BurstFPS.isBurstShotSupported (80470001): byte[1]
      org.quic.camera.BurstFPS.MaxBurstShotFPS (80470002): float[1]
      org.quic.camera.swcapabilities.SWMCTFEnablefor60fps (806d0004): byte[1]
    0x800c000a (targetFPS) with type 1 (int32) defined in section org.codeaurora.qcamera3.sensor_meta_data
    0x80390000 (CustomHFRFpsTable) with type 1 (int32) defined in section org.quic.camera2.customhfrfps.info
    0x803a0000 (StreamBasedFPSTable) with type 1 (int32) defined in section org.quic.camera2.streamBasedFPS.info
    0x803a0001 (PreviewFPS) with type 1 (int32) defined in section org.quic.camera2.streamBasedFPS.info
    0x803a0002 (VideoFPS) with type 1 (int32) defined in section org.quic.camera2.streamBasedFPS.info
    0x80450000 (disableFPSLimits) with type 0 (byte) defined in section org.quic.camera.manualExposure
    0x80470000 (burstfps) with type 0 (byte) defined in section org.quic.camera.BurstFPS
    0x80470001 (isBurstShotSupported) with type 0 (byte) defined in section org.quic.camera.BurstFPS
    0x80470002 (MaxBurstShotFPS) with type 2 (float) defined in section org.quic.camera.BurstFPS
    0x805b000a (dynamicFPSConfig) with type 2 (float) defined in section org.codeaurora.qcamera3.sessionParameters
    0x806d0004 (SWMCTFEnablefor60fps) with type 0 (byte) defined in section org.quic.camera.swcapabilities
    0x80b50004 (FPSMatch) with type 0 (byte) defined in section com.qti.chi.multicamerainfo
[  974.839411] msm-dwc3 a600000.ssusb: DWC3 in low power mode
[  980.998507] msm-dwc3 a600000.ssusb: DWC3 exited from low power mode
[  981.004952] dwc3 a600000.dwc3: Set IRQ thread:irq/139-dwc3 pid:8605 to SCHED_NORMAL (no UVC)
[ 1052.595948] dwc3 a600000.dwc3: request 0000000000000000 was not queued to ep0out
[ 1052.620475] dwc3 a600000.dwc3: request 0000000000000000 was not queued to ep0out
[ 1053.332057] dwc3 a600000.dwc3: Set IRQ thread:irq/139-dwc3 pid:8982 to SCHED_NORMAL (no UVC)
[ 1058.299409] dwc3 a600000.dwc3: request 0000000000000000 was not queued to ep0out
[ 1058.310553] dwc3 a600000.dwc3: request 0000000000000000 was not queued to ep0out
[ 1058.971652] configfs-gadget.g1 gadget.0: uvc: uvc_function_bind()
[ 1059.699885] dwc3 a600000.dwc3: Set IRQ thread:irq/139-dwc3 pid:9025 to SCHED_FIFO low priority (UVC active)
[ 1059.792979] configfs-gadget.g1 gadget.0: uvc: uvc_function_set_alt(2, 0)
[ 1059.793021] configfs-gadget.g1 gadget.0: uvc: uvc_function_set_alt(3, 0)
[ 1059.793661] configfs-gadget.g1 gadget.0: uvc: uvc_function_set_alt(3, 0)
[ 1059.838337] configfs-gadget.g1 gadget.0: uvc: uvc_function_set_alt(3, 0)
[ 1095.948812] configfs-gadget.g1 gadget.0: uvc: uvc_function_set_alt(3, 1)
[ 1095.948861] configfs-gadget.g1 gadget.0: uvc: reset UVC
lahaina612:/ 
lahaina612:/ # dmesg | grep -E "qmp|ssphy|pipe_clk|usb3_phy" | tail -20
[   46.716774] qsee_ipc_irq_bridge(OE) qfprom_sys(OE) memlat(OE) dwc3_msm(OE) bwmon(OE) qcom_va_minidump(OE) slim_qcom_ngd_ctrl(OE) phy_msm_ssusb_qmp(OE) slimbus(OE) qcom_stats(OE) qcom_soc_wdt(OE) glink_pkt(OE) qcom_logbuf_vendor_hooks(OE) camcc_sc7280(OE) qcom_logbuf_boot_log(OE) qcom_spss(OE) camcc_sm8350(OE) phy_msm_snps_hs(OE) pmic_glink_debug(OE) qcom_pd_mapper(OE) rdbg(OE) phy_generic(OE) qcom_q6v5_pas(OE) mhi_dev_uci(OE) msm_performance(OE) wcd_usbss_i2c(OE) qcom_q6v5(OE) microdump_collector(OE) redriver(OE) qcom_sysmon(OE) qcom_ramdump(OE) mhi(OE) coresight_tgu(OE) qcom_pil_info(OE) qcom_pm8008_regulator(OE) memory_dump_v2(OE) qpnp_lcdb_regulator(OE) coresight_stm(OE) pci_msm_drv(OE) stm_core(OE) mem_offline(OE) coresight_tmc_sec(OE) hung_task_enh(OE) refgen(OE) qti_fixed_regulator(OE) glink_probe(OE) qcom_glink_spss(OE) qcom_amoled_regulator(OE) gh_tlmm_vm_mem_access(OE) qti_battery_charger(OE) panel_event_notifier(OE) coresight_remote_etm(OE) eud(OE) coresight_csr(OE) i2c_msm_geni(OE) qti_pmic_glink(OE)
[   46.717107] qnoc_lahaina(OE) qcom_dcvs(OE) icc_rpmh(OE) clk_dummy(OE) clk_rpmh(OE) dcvs_fp(OE) sdhci_msm(OE) dispcc_sc7280(OE) gcc_sm8350(OE) gcc_sc7280(OE) dispcc_sm8350(OE) ufs_qcom(OE) icc_bcm_voter(OE) rpmh_regulator(OE) clk_qcom(OE) qcom_cpu_vendor_hooks(OE) smcinvoke_dlkm(OE) qcom_rpmh(OE) msm_qmp(OE) mem_buf(OE) gh_virt_wdt(OE) arm_smmu(OE) cqhci(OE) crm_v2(OE) qcom_wdt_core(OE) gunyah_loader(OE) pinctrl_lahaina(OE) llcc_qcom(OE) mem_buf_msgq(OE) qcom_aoss(OE) pmic_pon_log(OE) qcom_iommu_debug(OE) sched_walt(OE) pinctrl_yupik(OE) si_core_module(OE) qcom_tsens(OE) qcom_dload_mode(OE) qrtr(OE) ufshcd_crypto_qti(OE) pinctrl_msm(OE) qcom_pdc(OE) qcom_ipc_logging(OE) minidump(OE) qcom_dma_heaps(OE) mem_buf_dev(OE) gh_mem_notifier(OE) qcom_iommu_util(OE) gh_rm_drv(OE) gdsc_regulator(OE) qcom_ice(OE) socinfo(OE) gic_intr_routing(OE) mdt_loader(OE) phy_qcom_ufs_qmp_v4_lahaina(OE) phy_qcom_ufs_qmp_v4_yupik(OE) secure_buffer(OE) stub_regulator(OE) qcom_spmi_pmic(OE) phy_qcom_ufs_qrbtc_sdm845(OE) qcom_pmu_lib(OE)
[   46.718655] qsee_ipc_irq_bridge(OE) qfprom_sys(OE) memlat(OE) dwc3_msm(OE) bwmon(OE) qcom_va_minidump(OE) slim_qcom_ngd_ctrl(OE) phy_msm_ssusb_qmp(OE) slimbus(OE) qcom_stats(OE) qcom_soc_wdt(OE) glink_pkt(OE) qcom_logbuf_vendor_hooks(OE) camcc_sc7280(OE) qcom_logbuf_boot_log(OE) qcom_spss(OE) camcc_sm8350(OE) phy_msm_snps_hs(OE) pmic_glink_debug(OE) qcom_pd_mapper(OE) rdbg(OE) phy_generic(OE) qcom_q6v5_pas(OE) mhi_dev_uci(OE) msm_performance(OE) wcd_usbss_i2c(OE) qcom_q6v5(OE) microdump_collector(OE) redriver(OE) qcom_sysmon(OE) qcom_ramdump(OE) mhi(OE) coresight_tgu(OE) qcom_pil_info(OE) qcom_pm8008_regulator(OE) memory_dump_v2(OE) qpnp_lcdb_regulator(OE) coresight_stm(OE) pci_msm_drv(OE) stm_core(OE) mem_offline(OE) coresight_tmc_sec(OE) hung_task_enh(OE) refgen(OE) qti_fixed_regulator(OE) glink_probe(OE) qcom_glink_spss(OE) qcom_amoled_regulator(OE) gh_tlmm_vm_mem_access(OE) qti_battery_charger(OE) panel_event_notifier(OE) coresight_remote_etm(OE) eud(OE) coresight_csr(OE) i2c_msm_geni(OE) qti_pmic_glink(OE)
[   46.718954] qnoc_lahaina(OE) qcom_dcvs(OE) icc_rpmh(OE) clk_dummy(OE) clk_rpmh(OE) dcvs_fp(OE) sdhci_msm(OE) dispcc_sc7280(OE) gcc_sm8350(OE) gcc_sc7280(OE) dispcc_sm8350(OE) ufs_qcom(OE) icc_bcm_voter(OE) rpmh_regulator(OE) clk_qcom(OE) qcom_cpu_vendor_hooks(OE) smcinvoke_dlkm(OE) qcom_rpmh(OE) msm_qmp(OE) mem_buf(OE) gh_virt_wdt(OE) arm_smmu(OE) cqhci(OE) crm_v2(OE) qcom_wdt_core(OE) gunyah_loader(OE) pinctrl_lahaina(OE) llcc_qcom(OE) mem_buf_msgq(OE) qcom_aoss(OE) pmic_pon_log(OE) qcom_iommu_debug(OE) sched_walt(OE) pinctrl_yupik(OE) si_core_module(OE) qcom_tsens(OE) qcom_dload_mode(OE) qrtr(OE) ufshcd_crypto_qti(OE) pinctrl_msm(OE) qcom_pdc(OE) qcom_ipc_logging(OE) minidump(OE) qcom_dma_heaps(OE) mem_buf_dev(OE) gh_mem_notifier(OE) qcom_iommu_util(OE) gh_rm_drv(OE) gdsc_regulator(OE) qcom_ice(OE) socinfo(OE) gic_intr_routing(OE) mdt_loader(OE) phy_qcom_ufs_qmp_v4_lahaina(OE) phy_qcom_ufs_qmp_v4_yupik(OE) secure_buffer(OE) stub_regulator(OE) qcom_spmi_pmic(OE) phy_qcom_ufs_qrbtc_sdm845(OE) qcom_pmu_lib(OE)
[   46.853357] qsee_ipc_irq_bridge(OE) qfprom_sys(OE) memlat(OE) dwc3_msm(OE) bwmon(OE) qcom_va_minidump(OE) slim_qcom_ngd_ctrl(OE) phy_msm_ssusb_qmp(OE) slimbus(OE) qcom_stats(OE) qcom_soc_wdt(OE) glink_pkt(OE) qcom_logbuf_vendor_hooks(OE) camcc_sc7280(OE) qcom_logbuf_boot_log(OE) qcom_spss(OE) camcc_sm8350(OE) phy_msm_snps_hs(OE) pmic_glink_debug(OE) qcom_pd_mapper(OE) rdbg(OE) phy_generic(OE) qcom_q6v5_pas(OE) mhi_dev_uci(OE) msm_performance(OE) wcd_usbss_i2c(OE) qcom_q6v5(OE) microdump_collector(OE) redriver(OE) qcom_sysmon(OE) qcom_ramdump(OE) mhi(OE) coresight_tgu(OE) qcom_pil_info(OE) qcom_pm8008_regulator(OE) memory_dump_v2(OE) qpnp_lcdb_regulator(OE) coresight_stm(OE) pci_msm_drv(OE) stm_core(OE) mem_offline(OE) coresight_tmc_sec(OE) hung_task_enh(OE) refgen(OE) qti_fixed_regulator(OE) glink_probe(OE) qcom_glink_spss(OE) qcom_amoled_regulator(OE) gh_tlmm_vm_mem_access(OE) qti_battery_charger(OE) panel_event_notifier(OE) coresight_remote_etm(OE) eud(OE) coresight_csr(OE) i2c_msm_geni(OE) qti_pmic_glink(OE)
[   46.854420] qnoc_lahaina(OE) qcom_dcvs(OE) icc_rpmh(OE) clk_dummy(OE) clk_rpmh(OE) dcvs_fp(OE) sdhci_msm(OE) dispcc_sc7280(OE) gcc_sm8350(OE) gcc_sc7280(OE) dispcc_sm8350(OE) ufs_qcom(OE) icc_bcm_voter(OE) rpmh_regulator(OE) clk_qcom(OE) qcom_cpu_vendor_hooks(OE) smcinvoke_dlkm(OE) qcom_rpmh(OE) msm_qmp(OE) mem_buf(OE) gh_virt_wdt(OE) arm_smmu(OE) cqhci(OE) crm_v2(OE) qcom_wdt_core(OE) gunyah_loader(OE) pinctrl_lahaina(OE) llcc_qcom(OE) mem_buf_msgq(OE) qcom_aoss(OE) pmic_pon_log(OE) qcom_iommu_debug(OE) sched_walt(OE) pinctrl_yupik(OE) si_core_module(OE) qcom_tsens(OE) qcom_dload_mode(OE) qrtr(OE) ufshcd_crypto_qti(OE) pinctrl_msm(OE) qcom_pdc(OE) qcom_ipc_logging(OE) minidump(OE) qcom_dma_heaps(OE) mem_buf_dev(OE) gh_mem_notifier(OE) qcom_iommu_util(OE) gh_rm_drv(OE) gdsc_regulator(OE) qcom_ice(OE) socinfo(OE) gic_intr_routing(OE) mdt_loader(OE) phy_qcom_ufs_qmp_v4_lahaina(OE) phy_qcom_ufs_qmp_v4_yupik(OE) secure_buffer(OE) stub_regulator(OE) qcom_spmi_pmic(OE) phy_qcom_ufs_qrbtc_sdm845(OE) qcom_pmu_lib(OE)
[   46.862201] qsee_ipc_irq_bridge(OE) qfprom_sys(OE) memlat(OE) dwc3_msm(OE) bwmon(OE) qcom_va_minidump(OE) slim_qcom_ngd_ctrl(OE) phy_msm_ssusb_qmp(OE) slimbus(OE) qcom_stats(OE) qcom_soc_wdt(OE) glink_pkt(OE) qcom_logbuf_vendor_hooks(OE) camcc_sc7280(OE) qcom_logbuf_boot_log(OE) qcom_spss(OE) camcc_sm8350(OE) phy_msm_snps_hs(OE) pmic_glink_debug(OE) qcom_pd_mapper(OE) rdbg(OE) phy_generic(OE) qcom_q6v5_pas(OE) mhi_dev_uci(OE) msm_performance(OE) wcd_usbss_i2c(OE) qcom_q6v5(OE) microdump_collector(OE) redriver(OE) qcom_sysmon(OE) qcom_ramdump(OE) mhi(OE) coresight_tgu(OE) qcom_pil_info(OE) qcom_pm8008_regulator(OE) memory_dump_v2(OE) qpnp_lcdb_regulator(OE) coresight_stm(OE) pci_msm_drv(OE) stm_core(OE) mem_offline(OE) coresight_tmc_sec(OE) hung_task_enh(OE) refgen(OE) qti_fixed_regulator(OE) glink_probe(OE) qcom_glink_spss(OE) qcom_amoled_regulator(OE) gh_tlmm_vm_mem_access(OE) qti_battery_charger(OE) panel_event_notifier(OE) coresight_remote_etm(OE) eud(OE) coresight_csr(OE) i2c_msm_geni(OE) qti_pmic_glink(OE)
[   46.863240] qnoc_lahaina(OE) qcom_dcvs(OE) icc_rpmh(OE) clk_dummy(OE) clk_rpmh(OE) dcvs_fp(OE) sdhci_msm(OE) dispcc_sc7280(OE) gcc_sm8350(OE) gcc_sc7280(OE) dispcc_sm8350(OE) ufs_qcom(OE) icc_bcm_voter(OE) rpmh_regulator(OE) clk_qcom(OE) qcom_cpu_vendor_hooks(OE) smcinvoke_dlkm(OE) qcom_rpmh(OE) msm_qmp(OE) mem_buf(OE) gh_virt_wdt(OE) arm_smmu(OE) cqhci(OE) crm_v2(OE) qcom_wdt_core(OE) gunyah_loader(OE) pinctrl_lahaina(OE) llcc_qcom(OE) mem_buf_msgq(OE) qcom_aoss(OE) pmic_pon_log(OE) qcom_iommu_debug(OE) sched_walt(OE) pinctrl_yupik(OE) si_core_module(OE) qcom_tsens(OE) qcom_dload_mode(OE) qrtr(OE) ufshcd_crypto_qti(OE) pinctrl_msm(OE) qcom_pdc(OE) qcom_ipc_logging(OE) minidump(OE) qcom_dma_heaps(OE) mem_buf_dev(OE) gh_mem_notifier(OE) qcom_iommu_util(OE) gh_rm_drv(OE) gdsc_regulator(OE) qcom_ice(OE) socinfo(OE) gic_intr_routing(OE) mdt_loader(OE) phy_qcom_ufs_qmp_v4_lahaina(OE) phy_qcom_ufs_qmp_v4_yupik(OE) secure_buffer(OE) stub_regulator(OE) qcom_spmi_pmic(OE) phy_qcom_ufs_qrbtc_sdm845(OE) qcom_pmu_lib(OE)
[   47.412157] qsee_ipc_irq_bridge(OE) qfprom_sys(OE) memlat(OE) dwc3_msm(OE) bwmon(OE) qcom_va_minidump(OE) slim_qcom_ngd_ctrl(OE) phy_msm_ssusb_qmp(OE) slimbus(OE) qcom_stats(OE) qcom_soc_wdt(OE) glink_pkt(OE) qcom_logbuf_vendor_hooks(OE) camcc_sc7280(OE) qcom_logbuf_boot_log(OE) qcom_spss(OE) camcc_sm8350(OE) phy_msm_snps_hs(OE) pmic_glink_debug(OE) qcom_pd_mapper(OE) rdbg(OE) phy_generic(OE) qcom_q6v5_pas(OE) mhi_dev_uci(OE) msm_performance(OE) wcd_usbss_i2c(OE) qcom_q6v5(OE) microdump_collector(OE) redriver(OE) qcom_sysmon(OE) qcom_ramdump(OE) mhi(OE) coresight_tgu(OE) qcom_pil_info(OE) qcom_pm8008_regulator(OE) memory_dump_v2(OE) qpnp_lcdb_regulator(OE) coresight_stm(OE) pci_msm_drv(OE) stm_core(OE) mem_offline(OE) coresight_tmc_sec(OE) hung_task_enh(OE) refgen(OE) qti_fixed_regulator(OE) glink_probe(OE) qcom_glink_spss(OE) qcom_amoled_regulator(OE) gh_tlmm_vm_mem_access(OE) qti_battery_charger(OE) panel_event_notifier(OE) coresight_remote_etm(OE) eud(OE) coresight_csr(OE) i2c_msm_geni(OE) qti_pmic_glink(OE)
[   47.412475] qnoc_lahaina(OE) qcom_dcvs(OE) icc_rpmh(OE) clk_dummy(OE) clk_rpmh(OE) dcvs_fp(OE) sdhci_msm(OE) dispcc_sc7280(OE) gcc_sm8350(OE) gcc_sc7280(OE) dispcc_sm8350(OE) ufs_qcom(OE) icc_bcm_voter(OE) rpmh_regulator(OE) clk_qcom(OE) qcom_cpu_vendor_hooks(OE) smcinvoke_dlkm(OE) qcom_rpmh(OE) msm_qmp(OE) mem_buf(OE) gh_virt_wdt(OE) arm_smmu(OE) cqhci(OE) crm_v2(OE) qcom_wdt_core(OE) gunyah_loader(OE) pinctrl_lahaina(OE) llcc_qcom(OE) mem_buf_msgq(OE) qcom_aoss(OE) pmic_pon_log(OE) qcom_iommu_debug(OE) sched_walt(OE) pinctrl_yupik(OE) si_core_module(OE) qcom_tsens(OE) qcom_dload_mode(OE) qrtr(OE) ufshcd_crypto_qti(OE) pinctrl_msm(OE) qcom_pdc(OE) qcom_ipc_logging(OE) minidump(OE) qcom_dma_heaps(OE) mem_buf_dev(OE) gh_mem_notifier(OE) qcom_iommu_util(OE) gh_rm_drv(OE) gdsc_regulator(OE) qcom_ice(OE) socinfo(OE) gic_intr_routing(OE) mdt_loader(OE) phy_qcom_ufs_qmp_v4_lahaina(OE) phy_qcom_ufs_qmp_v4_yupik(OE) secure_buffer(OE) stub_regulator(OE) qcom_spmi_pmic(OE) phy_qcom_ufs_qrbtc_sdm845(OE) qcom_pmu_lib(OE)#
